

Error: "No overload for that function takes those argument types"
In [1;37mtests/errors/003-typechecking/004-incompatible-types/003-incompatible-argument.xxx[0m on line [1;37m2[0m

> [0;36mx := y("string")[0m
  [0;31m       ^^^^^^^^ [0m
