Error: "Cannot assign that argument to that variable; the types don't match"
In [1;37mtests/errors/003-typechecking/004-incompatible-types/005-value-too-large-assignment.xxx[0m on line [1;37m2[0m

> [0;36my = 256[0m
  [0;31m^^^^^^^[0m
