Error: "Unexpected code in argument list"
In [1;37mtests/errors/002-parsing/004-expected-end-of-tuple/001-argument-lists/001-terminal-nonsense.xxx[0m on line [1;37m1[0m

> [0;36mx := (a : int, garbage garbage garbage) => {}[0m
  [0;31m              ^^^^^^^^^^^^^^^^^^^^^^^^^      [0m
