

Error: "Could not infer the type of this variable"
In [1;37mtests/errors/003-typechecking/002-undeclared-identifier/004-reference-to-function-scope-from-args.xxx[0m on line [1;37m1[0m

> [0;36mx := (y := a) => {[0m
  [0;31m      ^           [0m
