

Error: "Definition for type not found"
In [1;37mtests/errors/003-typechecking/001-undefined-type/002-in-function-args.xxx[0m on line [1;37m2[0m

> [0;36my := (a : triple) => { }[0m
  [0;31m          ^^^^^^        [0m
