Error: "Expected an expression"
In [1;37mtests/errors/002-parsing/003-expected-expression/004-in-arguments-list/001-solo-decl-assign.xxx[0m on line [1;37m1[0m

> [0;36mx := (a := ) => () { }[0m
  [0;31m           ^          [0m
