Error: "Expected an expression"
In [1;37mtests/errors/002-parsing/003-expected-expression/004-in-arguments-list/005-middle-decl-assign.xxx[0m on line [1;37m1[0m

> [0;36mx := (a := 1, b := , c := 3) => () { }[0m
  [0;31m                   ^                  [0m
