Error: "Expected an expression"
In [1;37mtests/errors/002-parsing/003-expected-expression/004-in-arguments-list/006-middle-assignment-to-declaration.xxx[0m on line [1;37m1[0m

> [0;36mx := (a : int = 1, b : int = , c : int = 3) => () { }[0m
  [0;31m                             ^                       [0m
