Error: "Unexpected code following statement"
In [1;37mtests/errors/002-parsing/001-unexpected-code.xxx[0m on line [1;37m1[0m

> [0;36mx := 1 something something something something[0m
  [0;31m       ^^^^^^^^^^^^^^^^^^^^^^^^^^^^^^^^^^^^^^^[0m
